// Jest Snapshot v1, https://goo.gl/fbAQLP

exports[`MonicareLogo component Should render properly 1`] = `"<Image style={{...}} source={{...}} />"`;
