// Jest Snapshot v1, https://goo.gl/fbAQLP

exports[`Tag component Should render properly 1`] = `
"<Text style={{...}}>
  teste
</Text>"
`;
